// Jest Snapshot v1, https://goo.gl/fbAQLP

exports[`UnsupportedBrowserItem component renders the browser 1`] = `
<li>
  <BrowserIcon
    id="datalus"
    name="Datalus"
    title="Datalus 1, 69(beta), 70(nightly)"
  />
</li>
`;
